\BOOKMARK [0][-]{titulo.0}{\376\377\000P\000\341\000g\000i\000n\000a\000\040\000d\000e\000\040\000T\000\355\000t\000u\000l\000o}{}% 1
\BOOKMARK [0][-]{indices.0}{\376\377\000\315\000n\000d\000i\000c\000e\000s}{}% 2
\BOOKMARK [1][-]{tabla de contenidos.1}{\376\377\000T\000a\000b\000l\000a\000\040\000d\000e\000\040\000C\000o\000n\000t\000e\000n\000i\000d\000o\000s}{indices.0}% 3
\BOOKMARK [1][-]{indice de figuras.1}{\376\377\000\315\000n\000d\000i\000c\000e\000\040\000d\000e\000\040\000f\000i\000g\000u\000r\000a\000s}{indices.0}% 4
\BOOKMARK [1][-]{indice de tablas.1}{\376\377\000\315\000n\000d\000i\000c\000e\000\040\000d\000e\000\040\000t\000a\000b\000l\000a\000s}{indices.0}% 5
\BOOKMARK [0][-]{chapter.8}{\376\377\000I\000n\000t\000r\000o\000d\000u\000c\000c\000i\000\363\000n}{}% 6
\BOOKMARK [1][-]{section.15}{\376\377\000M\000o\000t\000i\000v\000a\000c\000i\000\363\000n}{chapter.8}% 7
\BOOKMARK [1][-]{section.16}{\376\377\000O\000b\000j\000e\000t\000i\000v\000o\000s}{chapter.8}% 8
\BOOKMARK [1][-]{section.17}{\376\377\000P\000l\000a\000n\000\040\000d\000e\000\040\000t\000r\000a\000b\000a\000j\000o}{chapter.8}% 9
\BOOKMARK [1][-]{section.18}{\376\377\000E\000x\000p\000l\000i\000c\000a\000c\000i\000o\000n\000e\000s\000\040\000a\000d\000i\000c\000i\000o\000n\000a\000l\000e\000s\000\040\000s\000o\000b\000r\000e\000\040\000e\000l\000\040\000u\000s\000o\000\040\000d\000e\000\040\000e\000s\000t\000a\000\040\000p\000l\000a\000n\000t\000i\000l\000l\000a}{chapter.8}% 10
\BOOKMARK [2][-]{subsection.20}{\376\377\000T\000e\000x\000t\000o\000\040\000d\000e\000\040\000p\000r\000u\000e\000b\000a}{section.18}% 11
\BOOKMARK [0][-]{chapter.21}{\376\377\000E\000s\000t\000a\000d\000o\000\040\000d\000e\000\040\000l\000a\000\040\000C\000u\000e\000s\000t\000i\000\363\000n}{}% 12
\BOOKMARK [1][-]{section.22}{\376\377\000R\000e\000p\000r\000e\000s\000e\000n\000t\000a\000c\000i\000\363\000n\000\040\000e\000s\000p\000e\000c\000t\000r\000a\000l\000:\000\040\000S\000T\000F\000T\000\040\000y\000\040\000S\000p\000e\000c\000t\000r\000o\000g\000r\000a\000m\000a\000s}{chapter.21}% 13
\BOOKMARK [1][-]{section.23}{\376\377\000E\000s\000c\000a\000l\000a\000\040\000d\000e\000\040\000M\000e\000l}{chapter.21}% 14
\BOOKMARK [1][-]{section.25}{\376\377\000M\000e\000l\000\040\000F\000r\000e\000q\000u\000e\000n\000c\000y\000\040\000C\000e\000s\000p\000t\000r\000a\000l\000\040\000C\000o\000e\000f\000f\000i\000c\000i\000e\000n\000t\000s\000\040\000\050\000M\000F\000C\000C\000\051}{chapter.21}% 15
\BOOKMARK [1][-]{section.27}{\376\377\000C\000N\000N\000s\000\040\000e\000n\000\040\000e\000l\000\040\000d\000o\000m\000i\000n\000i\000o\000\040\000d\000e\000l\000\040\000a\000u\000d\000i\000o}{chapter.21}% 16
\BOOKMARK [1][-]{section.28}{\376\377\000A\000u\000d\000i\000o\000\040\000S\000p\000e\000c\000t\000r\000o\000g\000r\000a\000m\000\040\000T\000r\000a\000n\000s\000f\000o\000r\000m\000e\000r\000\040\000\050\000A\000S\000T\000\051}{chapter.21}% 17
\BOOKMARK [1][-]{section.29}{\376\377\000I\000n\000f\000e\000r\000e\000n\000c\000i\000a\000\040\000d\000e\000\040\000p\000a\000r\000\341\000m\000e\000t\000r\000o\000s\000\040\000e\000n\000\040\000s\000\355\000n\000t\000e\000s\000i\000s}{chapter.21}% 18
\BOOKMARK [1][-]{section.30}{\376\377\000A\000u\000d\000i\000o\000\040\000E\000n\000d\000-\000t\000o\000-\000E\000n\000d\000\040\000v\000s\000.\000\040\000P\000a\000r\000\341\000m\000e\000t\000r\000o\000s\000\040\000+\000\040\000E\000s\000p\000e\000c\000t\000r\000o\000g\000r\000a\000m\000a}{chapter.21}% 19
\BOOKMARK [1][-]{section.31}{\376\377\000D\000a\000t\000a\000s\000e\000t\000s\000\040\000d\000e\000\040\000r\000e\000f\000e\000r\000e\000n\000c\000i\000a\000:\000\040\000N\000S\000y\000n\000t\000h\000\040\000y\000\040\000o\000t\000r\000o\000s}{chapter.21}% 20
\BOOKMARK [1][-]{section.32}{\376\377\000F\000r\000\351\000c\000h\000e\000t\000\040\000A\000u\000d\000i\000o\000\040\000D\000i\000s\000t\000a\000n\000c\000e\000\040\000\050\000F\000A\000D\000\051}{chapter.21}% 21
\BOOKMARK [0][-]{chapter.33}{\376\377\000E\000v\000o\000l\000u\000c\000i\000\363\000n\000\040\000A\000r\000q\000u\000i\000t\000e\000c\000t\000\363\000n\000i\000c\000a}{}% 22
\BOOKMARK [1][-]{section.34}{\376\377\000E\000x\000p\000l\000o\000r\000a\000c\000i\000\363\000n\000\040\000d\000e\000\040\000P\000a\000r\000a\000d\000i\000g\000m\000a\000s\000:\000\040\000C\000l\000a\000s\000i\000f\000i\000c\000a\000c\000i\000\363\000n\000\040\000v\000s\000.\000\040\000R\000e\000g\000r\000e\000s\000i\000\363\000n}{chapter.33}% 23
\BOOKMARK [2][-]{subsection.35}{\376\377\000E\000n\000f\000o\000q\000u\000e\000\040\000d\000e\000\040\000C\000l\000a\000s\000i\000f\000i\000c\000a\000c\000i\000\363\000n}{section.34}% 24
\BOOKMARK [2][-]{subsection.36}{\376\377\000E\000n\000f\000o\000q\000u\000e\000\040\000d\000e\000\040\000R\000e\000g\000r\000e\000s\000i\000\363\000n}{section.34}% 25
\BOOKMARK [1][-]{section.37}{\376\377\000E\000l\000\040\000P\000r\000o\000b\000l\000e\000m\000a\000\040\000d\000e\000\040\000l\000a\000\040\000I\000n\000y\000e\000c\000t\000i\000v\000i\000d\000a\000d\000\040\000y\000\040\000l\000a\000\040\000N\000e\000c\000e\000s\000i\000d\000a\000d\000\040\000d\000e\000\040\000u\000n\000a\000\040\000A\000r\000q\000u\000i\000t\000e\000c\000t\000u\000r\000a\000\040\000C\000o\000m\000p\000l\000e\000j\000a}{chapter.33}% 26
\BOOKMARK [2][-]{subsection.38}{\376\377\000P\000r\000o\000t\000o\000t\000i\000p\000o\000\040\0004\000:\000\040\000R\000e\000d\000\040\000C\000o\000n\000v\000o\000l\000u\000c\000i\000o\000n\000a\000l\000\040\000d\000e\000\040\000D\000o\000b\000l\000e\000\040\000C\000a\000b\000e\000z\000a}{section.37}% 27
\BOOKMARK [2][-]{subsection.40}{\376\377\000P\000r\000o\000t\000o\000t\000i\000p\000o\000\040\0004\000:\000\040\000F\000u\000n\000c\000i\000\363\000n\000\040\000d\000e\000\040\000P\000\351\000r\000d\000i\000d\000a\000\040\000H\000\355\000b\000r\000i\000d\000a}{section.37}% 28
\BOOKMARK [0][-]{chapter.44}{\376\377\000E\000x\000p\000e\000r\000i\000m\000e\000n\000t\000a\000c\000i\000\363\000n\000\040\000P\000r\000e\000v\000i\000a}{}% 29
\BOOKMARK [1][-]{section.45}{\376\377\000L\000i\000m\000i\000t\000a\000c\000i\000o\000n\000e\000s\000\040\000d\000e\000\040\000F\000r\000\351\000c\000h\000e\000t\000\040\000A\000u\000d\000i\000o\000\040\000D\000i\000s\000t\000a\000n\000c\000e\000\040\000\050\000F\000A\000D\000\051}{chapter.44}% 30
\BOOKMARK [1][-]{section.46}{\376\377\000V\000a\000l\000i\000d\000a\000c\000i\000\363\000n\000\040\000p\000o\000r\000\040\000F\000u\000e\000r\000z\000a\000\040\000B\000r\000u\000t\000a\000\040\000\050\000G\000r\000i\000d\000\040\000S\000e\000a\000r\000c\000h\000\051}{chapter.44}% 31
\BOOKMARK [2][-]{subsection.47}{\376\377\000D\000i\000s\000e\000\361\000o\000\040\000e\000x\000p\000e\000r\000i\000m\000e\000n\000t\000a\000l\000\040\000y\000\040\000p\000a\000r\000a\000m\000e\000t\000r\000i\000z\000a\000c\000i\000\363\000n\000\040\000d\000e\000l\000\040\000G\000r\000i\000d\000\040\000S\000e\000a\000r\000c\000h}{section.46}% 32
\BOOKMARK [2][-]{subsection.48}{\376\377\000E\000s\000p\000e\000c\000t\000r\000o\000g\000r\000a\000m\000a\000\040\000d\000e\000\040\000M\000e\000l}{section.46}% 33
\BOOKMARK [2][-]{subsection.49}{\376\377\000E\000s\000p\000e\000c\000t\000r\000o\000g\000r\000a\000m\000a\000\040\000M\000F\000C\000C}{section.46}% 34
\BOOKMARK [2][-]{subsection.50}{\376\377\000C\000o\000n\000c\000l\000u\000s\000i\000o\000n\000e\000s}{section.46}% 35
\BOOKMARK [0][-]{chapter.51}{\376\377\000A\000r\000q\000u\000i\000t\000e\000c\000t\000u\000r\000a\000\040\000F\000i\000n\000a\000l}{}% 36
\BOOKMARK [1][-]{section.53}{\376\377\000E\000x\000p\000a\000n\000s\000i\000\363\000n\000\040\000P\000a\000r\000a\000m\000\351\000t\000r\000i\000c\000a\000:\000\040\000E\000v\000o\000l\000v\000e\000n\000t\000e\000s\000\040\000y\000\040\000G\000e\000n\000e\000r\000a\000c\000i\000\363\000n\000\040\000A\000l\000e\000a\000t\000o\000r\000i\000a\000\040\000d\000e\000l\000\040\000D\000a\000t\000a\000s\000e\000t}{chapter.51}% 37
\BOOKMARK [1][-]{section.55}{\376\377\000I\000n\000t\000e\000r\000f\000a\000z\000\040\000G\000r\000\341\000f\000i\000c\000a\000\040\000d\000e\000\040\000l\000a\000\040\000A\000p\000l\000i\000c\000a\000c\000i\000\363\000n}{chapter.51}% 38
\BOOKMARK [1][-]{section.56}{\376\377\000E\000s\000t\000r\000u\000c\000t\000u\000r\000a\000\040\000d\000e\000l\000\040\000C\000\363\000d\000i\000g\000o}{chapter.51}% 39
\BOOKMARK [0][-]{chapter.61}{\376\377\000R\000e\000s\000u\000l\000t\000a\000d\000o\000s\000\040\000y\000\040\000E\000v\000a\000l\000u\000a\000c\000i\000\363\000n}{}% 40
\BOOKMARK [1][-]{section.62}{\376\377\000D\000e\000f\000i\000n\000i\000c\000i\000\363\000n\000\040\000d\000e\000\040\000l\000o\000s\000\040\000P\000i\000p\000e\000l\000i\000n\000e\000s\000\040\000E\000x\000p\000e\000r\000i\000m\000e\000n\000t\000a\000l\000e\000s}{chapter.61}% 41
\BOOKMARK [1][-]{section.64}{\376\377\000E\000v\000a\000l\000u\000a\000c\000i\000\363\000n\000\040\000d\000e\000\040\000l\000a\000s\000\040\000D\000i\000f\000e\000r\000e\000n\000t\000e\000s\000\040\000A\000r\000q\000u\000i\000t\000e\000c\000t\000u\000r\000a\000s\000\040\000y\000\040\000F\000u\000n\000c\000i\000o\000n\000e\000s\000\040\000d\000e\000\040\000P\000\351\000r\000d\000i\000d\000a}{chapter.61}% 42
\BOOKMARK [0][-]{chapter.66}{\376\377\000C\000o\000n\000c\000l\000u\000s\000i\000o\000n\000e\000s\000\040\000y\000\040\000T\000r\000a\000b\000a\000j\000o\000\040\000F\000u\000t\000u\000r\000o}{}% 43
\BOOKMARK [0][-]{chapter*.67}{\376\377\000I\000n\000t\000r\000o\000d\000u\000c\000t\000i\000o\000n}{}% 44
\BOOKMARK [0][-]{chapter*.68}{\376\377\000C\000o\000n\000c\000l\000u\000s\000i\000o\000n\000s\000\040\000a\000n\000d\000\040\000F\000u\000t\000u\000r\000e\000\040\000W\000o\000r\000k}{}% 45
\BOOKMARK [0][-]{chapter*.69}{\376\377\000C\000o\000n\000t\000r\000i\000b\000u\000c\000i\000o\000n\000e\000s\000\040\000P\000e\000r\000s\000o\000n\000a\000l\000e\000s}{}% 46
\BOOKMARK [0][-]{appendix.70}{\376\377\000T\000\355\000t\000u\000l\000o\000\040\000d\000e\000l\000\040\000A\000p\000\351\000n\000d\000i\000c\000e\000\040\000A}{}% 47
\BOOKMARK [0][-]{appendix.71}{\376\377\000T\000\355\000t\000u\000l\000o\000\040\000d\000e\000l\000\040\000A\000p\000\351\000n\000d\000i\000c\000e\000\040\000B}{}% 48
\BOOKMARK [0][-]{fin.0}{\376\377\000F\000i\000n}{}% 49
